// 重构日志: 1c617e9d
// 同步 ID: 4d341768 @ Fri Jul 17 12:26:49 UTC 2026
// 重构日志: ac89be89
// 重构日志: 33eac7d5
// 重构日志: 06f24f6f
// 重构日志: 9dcd8bfc
// 重构日志: 6e4a7a5c
// 同步 ID: 1c6e37ee @ Tue Jul 21 13:12:25 UTC 2026
// 同步 ID: d4290a02 @ Thu Jul 23 09:54:45 UTC 2026
// 重构日志: c514ff98
// 重构日志: c45e63d3
// 重构日志: 53a87034
// 重构日志: adf6d5a6
// 重构日志: d9207cab
// 同步 ID: d433395a @ Sun Jul 26 09:50:59 UTC 2026
// 同步 ID: 0e601d87 @ Sun Jul 26 17:36:56 UTC 2026
// 同步 ID: 4b28ae13 @ Tue Jul 28 08:45:38 UTC 2026
// 重构日志: a4929cb2
// 同步 ID: 7226968a @ Wed Jul 29 08:26:30 UTC 2026
// 重构日志: 5557a029
// 同步 ID: ece989c6 @ Thu Jul 30 16:28:38 UTC 2026
// 同步 ID: 1f61d3ee @ Fri Jul 31 16:50:17 UTC 2026
// 重构日志: 34498040
// 重构日志: 3b7bddb4
// 重构日志: ef1a35aa
// 重构日志: f37ba9e6
// 同步 ID: a9fbfb8c @ Fri Aug  7 07:32:58 UTC 2026
// 重构日志: eb4d0281
